// Bun Snapshot v1, https://bun.sh/docs/test/snapshots

exports[`registration HTTP contract v1 the OpenAPI contract is versioned and documents every route and internal header 1`] = `
{
  "/api/v1/auth/login": {
    "post": [
      "x-eventmatch-bff-token*",
      "x-eventmatch-origin-fingerprint*",
    ],
  },
  "/api/v1/auth/logout": {
    "post": [
      "x-eventmatch-bff-token*",
    ],
  },
  "/api/v1/auth/session": {
    "get": [
      "x-eventmatch-bff-token*",
    ],
  },
  "/api/v1/catalog/activity-preferences": {
    "get": [],
  },
  "/api/v1/catalog/interests": {
    "get": [],
  },
  "/api/v1/catalog/languages": {
    "get": [],
  },
  "/api/v1/profiles/me": {
    "get": [
      "x-eventmatch-bff-token*",
    ],
    "put": [
      "x-eventmatch-bff-token*",
    ],
  },
  "/api/v1/profiles/me/photo": {
    "delete": [
      "x-eventmatch-bff-token*",
    ],
  },
  "/api/v1/profiles/me/photo/uploads": {
    "post": [
      "x-eventmatch-bff-token*",
    ],
  },
  "/api/v1/profiles/me/photo/uploads/{uploadId}/finalize": {
    "post": [
      "x-eventmatch-bff-token*",
    ],
  },
  "/api/v1/profiles/me/preview": {
    "get": [
      "x-eventmatch-bff-token*",
    ],
  },
  "/api/v1/registration": {
    "delete": [
      "x-eventmatch-bff-token*",
    ],
    "get": [
      "x-eventmatch-bff-token*",
    ],
  },
  "/api/v1/registration/complete": {
    "post": [
      "Idempotency-Key*",
      "x-eventmatch-bff-token*",
    ],
  },
  "/api/v1/registration/contact-verification": {
    "post": [
      "Idempotency-Key*",
      "x-eventmatch-bff-token*",
      "x-eventmatch-origin-fingerprint*",
    ],
  },
  "/api/v1/registration/contact-verification/confirm": {
    "post": [
      "Idempotency-Key*",
      "x-eventmatch-bff-token*",
    ],
  },
  "/api/v1/registration/contact-verification/confirm-link": {
    "post": [
      "Idempotency-Key",
      "x-eventmatch-bff-token*",
    ],
  },
  "/api/v1/registration/contact-verification/resend": {
    "post": [
      "Idempotency-Key*",
      "x-eventmatch-bff-token*",
    ],
  },
  "/api/v1/registration/eligibility": {
    "post": [
      "Idempotency-Key",
      "x-eventmatch-bff-token*",
    ],
  },
  "/api/v1/registration/email-delivery-test": {
    "post": [
      "Idempotency-Key*",
      "x-eventmatch-bff-token*",
    ],
  },
  "/api/v1/registration/legal-documents": {
    "get": [
      "x-eventmatch-bff-token*",
    ],
  },
  "/api/v1/registration/password": {
    "put": [
      "Idempotency-Key*",
      "x-eventmatch-bff-token*",
    ],
  },
  "/api/v1/registration/required-data": {
    "put": [
      "Idempotency-Key*",
      "x-eventmatch-bff-token*",
    ],
  },
  "__identity": {
    "activityPreferences": {
      "codesMaxItems": 5,
      "listRequired": [
        "activityPreferences",
      ],
      "ownRequired": [
        "activityPreferences",
        "activityPreferencesVisibility",
      ],
      "previewOptional": true,
      "updateRequired": [
        "activityPreferenceCodes",
        "activityPreferencesVisibility",
      ],
    },
    "customPronounsMaxLength": 40,
    "languageCodesMaxItems": 5,
    "languageListRequired": [
      "languages",
    ],
    "ownNullable": [
      "presentation",
      "photo",
      "pronounSelection",
      "customPronouns",
      "profession",
    ],
    "ownRequired": [
      "presentation",
      "pronounSelection",
      "customPronouns",
      "pronounsVisibility",
      "profession",
      "professionVisibility",
      "languagesVisibility",
      "languages",
      "photo",
    ],
    "previewOptional": [
      "pronouns",
      "profession",
      "languages",
    ],
    "professionMaxLength": 80,
    "updateNullable": [
      "presentation",
      "pronounSelection",
      "customPronouns",
      "profession",
    ],
    "updateRequired": [
      "presentation",
      "pronounSelection",
      "customPronouns",
      "pronounsVisibility",
      "profession",
      "professionVisibility",
      "languageCodes",
      "languagesVisibility",
    ],
  },
}
`;
